type: Theory
name: tests.theorems.types_example
constants: {}
type_definitions:
  Thing: str
predicate_definitions:
- type: PredicateDefinition
  predicate: PersonWithAge
  arguments:
    name: str
    age: int
  parents: []
- type: PredicateDefinition
  predicate: Adult
  arguments:
    name: str
  parents: []
- type: PredicateDefinition
  predicate: StageAge
  arguments:
    stage: str
    age: int
  parents: []
sentence_groups:
- type: SentenceGroup
  name: facts
  group_type: axiom
  sentences:
  - type: Term
    arguments:
    - StageAge
    - Adult
    - type: Variable
      arguments:
      - AGE_THRESHOLD
- type: SentenceGroup
  name: classifications
  group_type: axiom
  sentences:
  - type: Forall
    arguments:
    - - type: Variable
        arguments:
        - name
        - Thing
      - type: Variable
        arguments:
        - age
        - int
    - type: Implies
      arguments:
      - type: Term
        arguments:
        - ge
        - type: Variable
          arguments:
          - age
        - type: Variable
          arguments:
          - AGE_THRESHOLD
      - type: Term
        arguments:
        - Adult
        - type: Variable
          arguments:
          - name
- type: SentenceGroup
  name: goals
  group_type: goal
  sentences:
  - type: Implies
    arguments:
    - type: Term
      arguments:
      - PersonWithAge
      - Alice
      - 25
    - type: Term
      arguments:
      - Adult
      - Alice
  - type: Implies
    arguments:
    - type: Term
      arguments:
      - Adult
      - Bob
    - type: Exists
      arguments:
      - - type: Variable
          arguments:
          - age
          - int
      - type: Term
        arguments:
        - PersonWithAge
        - Alice
        - type: Variable
          arguments:
          - age
ground_terms: []
